[
    {
        "id": "39b61326-552b-11eb-ae93-0242ac130002",
        "result": "Ok",
        "jsonrpc": "2.0"
    },
    {
        "id": "52673213-33c7-4514-a927-d59e5b6230c2",
        "result": "Ok",
        "jsonrpc": "2.0"
    }
]
