{
    "id": "1",
    "result": "Sajya",
    "jsonrpc": "2.0"
}
