{
    "jsonrpc": "2.0",
    "method": "fixture@getUserNameDefaultKey",
    "params": {
        "user": 1
    },
    "id": 1
}
