{
    "jsonrpc": "2.0",
    "method": "fixture@ok",
    "id": [
        "test"
    ]
}
